[Dan, joaca, fotbal, si, baschet, echipda, de, fotbal, preferata, a, castigat, de, fotbal]
a
preferata
a
si
13