[un, aparitiile, treilea, fisier, cel, va, contine, sirul, de, numere, ordonate, crescator, inlocuieste, cadrul, rezolvarii, numere, voie, spatiu, folosesti, niciun, tip, de, colectie]
[un, va, de, de]
inlocuieste
aparitiile
voie
23