[Se, da, urmatorul, fisier, text, scrie, un, program, care, primeste, de, la, tastatura, doua, cuvinte, si]
[Se, da, un, de, la, si]
[urmatorul, tastatura]
care
urmatorul
16