It's ChristmasJingle belllls, jingle bellllsJingle allll the wayOh, what fun it is to rideIn a one horse open sleighHey, jingle belllls, jingle bellllsJingle allll the wayOh, what fun it is to rideIn a one horse open sleigh