It's ChristmasJingle bells, jingle bellsJingle all the wayOh, what fun it is to rideIn a one horse open sleighHey! jingle bells, jingle bellsJingle all the wayOh, what fun it is to rideIn a one horse open sleigh