It's ChristmasJingle bills, jingle billsJingle all the wayOh, what fun it is to rideIn a one horse open sleighHey, jingle bills, jingle billsJingle all the wayOh, what fun it is to rideIn a one horse open sleigh