It's Christmasjungle bells, jingle bellsjungle all the wayOh, what fun it is to rideIn a one horse open sleighHey, jingle bells, jingle bellsjungle all the wayOh, what fun it is to rideIn a one horse open sleigh