It's Christmas
Jingle belllls, jingle belllls
Jingle allll the way
Oh, what fun it is to ride
In a one horse open sleigh

Hey, jingle belllls, jingle belllls
Jingle allll the way
Oh, what fun it is to ride
In a one horse open sleigh
